// Jest Snapshot v1, https://goo.gl/fbAQLP

exports[`<Button /> renders correctly 1`] = `
.c0 {
  text-transform: uppercase;
  font-weight: 700;
  border: 0;
  padding: 1rem;
  -webkit-transition: 0.3s;
  transition: 0.3s;
  margin: 1em 0;
  color: #F1F1F1;
  background: #3DB7E4;
  -webkit-box-shadow: 0 2px 4px 0 hsla(0,0%,0%,0.4);
  -moz-box-shadow: 0 2px 4px 0 hsla(0,0%,0%,0.4);
  box-shadow: 0 2px 4px 0 hsla(0,0%,0%,0.4);
}

.c0:hover {
  cursor: pointer;
  -webkit-box-shadow: 0 2px 6px 0 hsla(0,0%,0%,0.6);
  -moz-box-shadow: 0 2px 6px 0 hsla(0,0%,0%,0.6);
  box-shadow: 0 2px 6px 0 hsla(0,0%,0%,0.6);
  background: #00B0CA;
}

.c0:focus {
  outline: none;
}

<button
  className="c0"
/>
`;
